Static and default route configuration 

Router 1

Would you like to enter the initial configuration dialog? [yes/no]: no


Press RETURN to get started!



Router>en
Router#conf t
Enter configuration commands, one per line.  End with CNTL/Z.
Router(config)#hostname R1
R1(config)#in g0/0
R1(config-if)#ip add 192.168.12.1 255.255.255.0
R1(config-if)#nosh
                ^
% Invalid input detected at '^' marker.
	
R1(config-if)#no sh

R1(config-if)#
%LINK-5-CHANGED: Interface GigabitEthernet0/0, changed state to up

%LINEPROTO-5-UPDOWN: Line protocol on Interface GigabitEthernet0/0, changed state to up

R1(config-if)#exit
R1(config)#in l1

R1(config-if)#
%LINK-5-CHANGED: Interface Loopback1, changed state to up

%LINEPROTO-5-UPDOWN: Line protocol on Interface Loopback1, changed state to up

R1(config-if)#ip add 10.0.0.1 255.255.255.0
R1(config-if)#exit
R1(config)#do sh in br
sh in br
      ^
% Invalid input detected at '^' marker.
	
R1(config)#do sh ip in br
Interface              IP-Address      OK? Method Status                Protocol 
GigabitEthernet0/0     192.168.12.1    YES manual up                    up 
GigabitEthernet0/1     unassigned      YES unset  administratively down down 
GigabitEthernet0/2     unassigned      YES unset  administratively down down 
Loopback1              10.0.0.1        YES manual up                    up 
Vlan1                  unassigned      YES unset  administratively down down
R1(config)#
R1(config)#
R1(config)#do sh ip route
Codes: L - local, C - connected, S - static, R - RIP, M - mobile, B - BGP
       D - EIGRP, EX - EIGRP external, O - OSPF, IA - OSPF inter area
       N1 - OSPF NSSA external type 1, N2 - OSPF NSSA external type 2
       E1 - OSPF external type 1, E2 - OSPF external type 2, E - EGP
       i - IS-IS, L1 - IS-IS level-1, L2 - IS-IS level-2, ia - IS-IS inter area
       * - candidate default, U - per-user static route, o - ODR
       P - periodic downloaded static route

Gateway of last resort is not set

     10.0.0.0/8 is variably subnetted, 2 subnets, 2 masks
C       10.0.0.0/24 is directly connected, Loopback1
L       10.0.0.1/32 is directly connected, Loopback1
     192.168.12.0/24 is variably subnetted, 2 subnets, 2 masks
C       192.168.12.0/24 is directly connected, GigabitEthernet0/0
L       192.168.12.1/32 is directly connected, GigabitEthernet0/0

R1(config)#ip route 20.0.0.0 255.255.255.0 192.168.12.2
R1(config)#ip route 30.0.0.0 255.255.255.0 192.168.12.2
R1(config)#exit
R1#
%SYS-5-CONFIG_I: Configured from console by console

R1#ping 20.0.0.1

Type escape sequence to abort.
Sending 5, 100-byte ICMP Echos to 20.0.0.1, timeout is 2 seconds:
.!!!!
Success rate is 80 percent (4/5), round-trip min/avg/max = 0/0/0 ms

R1#ping 30.0.0.1

Type escape sequence to abort.
Sending 5, 100-byte ICMP Echos to 30.0.0.1, timeout is 2 seconds:
!!!!!
Success rate is 100 percent (5/5), round-trip min/avg/max = 0/1/5 ms

R1#
R1#conf t
Enter configuration commands, one per line.  End with CNTL/Z.
R1(config)#no ip route 20.0.0.0 255.255.255.0 192.168.12.2
R1(config)#no ip route 30.0.0.0 255.255.255.0 192.168.12.2
R1(config)#exit
R1#
%SYS-5-CONFIG_I: Configured from console by console

R1#ping 20.0.0.1

Type escape sequence to abort.
Sending 5, 100-byte ICMP Echos to 20.0.0.1, timeout is 2 seconds:
.....
Success rate is 0 percent (0/5)

R1#ping 30.0.0.1

Type escape sequence to abort.
Sending 5, 100-byte ICMP Echos to 30.0.0.1, timeout is 2 seconds:
.....
Success rate is 0 percent (0/5)

R1#conf t
Enter configuration commands, one per line.  End with CNTL/Z.
R1(config)#ip route 0.0.0.0 0.0.0.0 192.168.12.2
R1(config)#do ping 20.0.0.1

Type escape sequence to abort.
Sending 5, 100-byte ICMP Echos to 20.0.0.1, timeout is 2 seconds:
!!!!!
Success rate is 100 percent (5/5), round-trip min/avg/max = 0/0/0 ms

R1(config)#do ping 30.0.0.1

Type escape sequence to abort.
Sending 5, 100-byte ICMP Echos to 30.0.0.1, timeout is 2 seconds:
!!!!!
Success rate is 100 percent (5/5), round-trip min/avg/max = 0/0/0 ms

R1(config)#
R1#
%SYS-5-CONFIG_I: Configured from console by console



Router 2

Router 2


         --- System Configuration Dialog ---

Would you like to enter the initial configuration dialog? [yes/no]: no


Press RETURN to get started!



Router>en
Router#conf t
Enter configuration commands, one per line.  End with CNTL/Z.
Router(config)#in g0/0
Router(config-if)#ip add 192.168.12.2 255.255.255.0
Router(config-if)#exit
Router(config)#sh ip in br
                ^
% Invalid input detected at '^' marker.
	
Router(config)#do sh ip in br
Interface              IP-Address      OK? Method Status                Protocol 
GigabitEthernet0/0     192.168.12.2    YES manual administratively down down 
GigabitEthernet0/1     unassigned      YES unset  administratively down down 
GigabitEthernet0/2     unassigned      YES unset  administratively down down 
Vlan1                  unassigned      YES unset  administratively down down
Router(config)#in g0/0
Router(config-if)#no sh

Router(config-if)#
%LINK-5-CHANGED: Interface GigabitEthernet0/0, changed state to up

Router(config-if)#do sh ip in br
Interface              IP-Address      OK? Method Status                Protocol 
GigabitEthernet0/0     192.168.12.2    YES manual up                    down 
GigabitEthernet0/1     unassigned      YES unset  administratively down down 
GigabitEthernet0/2     unassigned      YES unset  administratively down down 
Vlan1                  unassigned      YES unset  administratively down down
Router(config-if)#
%LINEPROTO-5-UPDOWN: Line protocol on Interface GigabitEthernet0/0, changed state to up

Router(config-if)#in l1

Router(config-if)#
%LINK-5-CHANGED: Interface Loopback1, changed state to up

%LINEPROTO-5-UPDOWN: Line protocol on Interface Loopback1, changed state to up

Router(config-if)#ip add 20.0.0.1 255.255.255.0
Router(config-if)#do sh ip in br
Interface              IP-Address      OK? Method Status                Protocol 
GigabitEthernet0/0     192.168.12.2    YES manual up                    up 
GigabitEthernet0/1     unassigned      YES unset  administratively down down 
GigabitEthernet0/2     unassigned      YES unset  administratively down down 
Loopback1              20.0.0.1        YES manual up                    up 
Vlan1                  unassigned      YES unset  administratively down down
Router(config-if)#exit
Router(config)#in l2

Router(config-if)#
%LINK-5-CHANGED: Interface Loopback2, changed state to up

%LINEPROTO-5-UPDOWN: Line protocol on Interface Loopback2, changed state to up

Router(config-if)#ip add 30.0.0.1 255.255.255.0
Router(config-if)#exit
Router(config)#do sh ip in br
Interface              IP-Address      OK? Method Status                Protocol 
GigabitEthernet0/0     192.168.12.2    YES manual up                    up 
GigabitEthernet0/1     unassigned      YES unset  administratively down down 
GigabitEthernet0/2     unassigned      YES unset  administratively down down 
Loopback1              20.0.0.1        YES manual up                    up 
Loopback2              30.0.0.1        YES manual up                    up 
Vlan1                  unassigned      YES unset  administratively down down
Router(config)#hostname R2
R2(config)#ip route 10.0.0.0 255.255.255.0 192.168.12.1
R2(config)#ping 10.0.0.1
            ^
% Invalid input detected at '^' marker.
	
R2(config)#exit
R2#
%SYS-5-CONFIG_I: Configured from console by console

R2#ping 10.0.0.1

Type escape sequence to abort.
Sending 5, 100-byte ICMP Echos to 10.0.0.1, timeout is 2 seconds:
.!!!!
Success rate is 80 percent (4/5), round-trip min/avg/max = 0/0/0 ms

R2#ping 10.0.0.1

Type escape sequence to abort.
Sending 5, 100-byte ICMP Echos to 10.0.0.1, timeout is 2 seconds:
!!!!!
Success rate is 100 percent (5/5), round-trip min/avg/max = 0/0/0 ms

R2#sh ip route
Codes: L - local, C - connected, S - static, R - RIP, M - mobile, B - BGP
       D - EIGRP, EX - EIGRP external, O - OSPF, IA - OSPF inter area
       N1 - OSPF NSSA external type 1, N2 - OSPF NSSA external type 2
       E1 - OSPF external type 1, E2 - OSPF external type 2, E - EGP
       i - IS-IS, L1 - IS-IS level-1, L2 - IS-IS level-2, ia - IS-IS inter area
       * - candidate default, U - per-user static route, o - ODR
       P - periodic downloaded static route

Gateway of last resort is not set

     10.0.0.0/24 is subnetted, 1 subnets
S       10.0.0.0/24 [1/0] via 192.168.12.1
     20.0.0.0/8 is variably subnetted, 2 subnets, 2 masks
C       20.0.0.0/24 is directly connected, Loopback1
L       20.0.0.1/32 is directly connected, Loopback1
     30.0.0.0/8 is variably subnetted, 2 subnets, 2 masks
C       30.0.0.0/24 is directly connected, Loopback2
L       30.0.0.1/32 is directly connected, Loopback2
     192.168.12.0/24 is variably subnetted, 2 subnets, 2 masks
C       192.168.12.0/24 is directly connected, GigabitEthernet0/0
L       192.168.12.2/32 is directly connected, GigabitEthernet0/0

R2#conf t
Enter configuration commands, one per line.  End with CNTL/Z.
R2(config)#no ip route 10.0.0.0 255.255.255.0 192.168.12.1
R2(config)#exit
R2#
%SYS-5-CONFIG_I: Configured from console by console

R2#
